
> hotel-manager-v3@0.1.0 build
> next build

   Γû▓ Next.js 15.3.4
   - Environments: .env.local, .env

   Creating an optimized production build ...
 Γ£ô Compiled successfully in 10.0s
   Linting and checking validity of types ...

./app/(auth)/login/page.tsx
57:13  Warning: 'err' is defined but never used.  @typescript-eslint/no-unused-vars

./app/(dashboard)/admin/roles/page.tsx
139:6  Warning: React Hook useEffect has a missing dependency: 'fetchData'. Either include it or remove the dependency array.  react-hooks/exhaustive-deps

./app/(dashboard)/admin/sessions/page.tsx
26:11  Warning: 'user' is assigned a value but never used.  @typescript-eslint/no-unused-vars
79:6  Warning: React Hook useEffect has a missing dependency: 'fetchSessionInfo'. Either include it or remove the dependency array.  react-hooks/exhaustive-deps

./app/(dashboard)/admin/users/page.tsx
5:8  Warning: 'Link' is defined but never used.  @typescript-eslint/no-unused-vars
121:6  Warning: React Hook useEffect has a missing dependency: 'fetchUsers'. Either include it or remove the dependency array.  react-hooks/exhaustive-deps

./app/(dashboard)/departments/[code]/page.tsx
46:6  Warning: 'ChildDept' is defined but never used.  @typescript-eslint/no-unused-vars
67:5  Warning: 'deptLoading' is assigned a value but never used.  @typescript-eslint/no-unused-vars
72:5  Warning: 'pendingOrderLinesLoading' is assigned a value but never used.  @typescript-eslint/no-unused-vars
74:5  Warning: 'pendingModalProduct' is assigned a value but never used.  @typescript-eslint/no-unused-vars
76:5  Warning: 'pendingModalLoading' is assigned a value but never used.  @typescript-eslint/no-unused-vars
78:5  Warning: 'refreshPendingForModal' is assigned a value but never used.  @typescript-eslint/no-unused-vars

./app/(dashboard)/departments/[code]/transfer/page.tsx
13:9  Warning: 'router' is assigned a value but never used.  @typescript-eslint/no-unused-vars
31:10  Warning: 'deptId' is assigned a value but never used.  @typescript-eslint/no-unused-vars
37:6  Warning: React Hook useEffect has a missing dependency: 'fetchProducts'. Either include it or remove the dependency array.  react-hooks/exhaustive-deps
41:6  Warning: React Hook useEffect has a missing dependency: 'fetchTransfers'. Either include it or remove the dependency array.  react-hooks/exhaustive-deps
142:18  Warning: 'approveTransfer' is defined but never used.  @typescript-eslint/no-unused-vars
152:40  Warning: 'e' is defined but never used.  @typescript-eslint/no-unused-vars

./app/(dashboard)/implementation-guide/page.tsx
17:10  Warning: 'cn' is defined but never used.  @typescript-eslint/no-unused-vars
19:2  Warning: 'PhaseCard' is defined but never used.  @typescript-eslint/no-unused-vars
21:2  Warning: 'SectionHeading' is defined but never used.  @typescript-eslint/no-unused-vars
179:9  Warning: 'selectedPhase' is assigned a value but never used.  @typescript-eslint/no-unused-vars
179:24  Warning: 'setSelectedPhase' is assigned a value but never used.  @typescript-eslint/no-unused-vars

./app/(dashboard)/inventory/page.tsx
7:8  Warning: 'TransferAuditPanel' is defined but never used.  @typescript-eslint/no-unused-vars
72:5  Warning: Unused eslint-disable directive (no problems were reported from 'react-hooks/exhaustive-deps').
81:14  Warning: 'e' is defined but never used.  @typescript-eslint/no-unused-vars
84:5  Warning: Unused eslint-disable directive (no problems were reported from 'react-hooks/exhaustive-deps').

./app/(dashboard)/inventory/transfer/page.tsx
20:14  Warning: 'e' is defined but never used.  @typescript-eslint/no-unused-vars
33:10  Warning: 'departments' is assigned a value but never used.  @typescript-eslint/no-unused-vars

./app/(dashboard)/inventory/[id]/page.tsx
52:44  Warning: React Hook useEffect has a missing dependency: 'fetchItem'. Either include it or remove the dependency array.  react-hooks/exhaustive-deps

./app/(dashboard)/pos/drinks/page.tsx
4:8  Warning: 'Link' is defined but never used.  @typescript-eslint/no-unused-vars

./app/(dashboard)/pos/food/page.tsx
4:8  Warning: 'Link' is defined but never used.  @typescript-eslint/no-unused-vars

./app/(dashboard)/pos/inventory/page.tsx
3:10  Warning: 'useEffect' is defined but never used.  @typescript-eslint/no-unused-vars

./app/(dashboard)/pos/orders/page.tsx
4:8  Warning: 'Link' is defined but never used.  @typescript-eslint/no-unused-vars

./app/(dashboard)/pos/page.tsx
6:42  Warning: 'Layers' is defined but never used.  @typescript-eslint/no-unused-vars

./app/(dashboard)/quick-reference/page.tsx
5:10  Warning: 'Badge' is defined but never used.  @typescript-eslint/no-unused-vars
11:2  Warning: 'BookOpen' is defined but never used.  @typescript-eslint/no-unused-vars
17:10  Warning: 'cn' is defined but never used.  @typescript-eslint/no-unused-vars

./app/(dashboard)/rooms/page.tsx
10:10  Warning: 'cn' is defined but never used.  @typescript-eslint/no-unused-vars

./app/api/admin/roles/assign/route.ts
158:15  Warning: 'ctx' is defined but never used. Allowed unused args must match /^_/u.  @typescript-eslint/no-unused-vars

./app/api/admin/roles/route.ts
241:15  Warning: 'ctx' is defined but never used. Allowed unused args must match /^_/u.  @typescript-eslint/no-unused-vars
250:15  Warning: 'ctx' is defined but never used. Allowed unused args must match /^_/u.  @typescript-eslint/no-unused-vars

./app/api/admin/users/route.ts
370:15  Warning: 'ctx' is defined but never used. Allowed unused args must match /^_/u.  @typescript-eslint/no-unused-vars
375:15  Warning: 'ctx' is defined but never used. Allowed unused args must match /^_/u.  @typescript-eslint/no-unused-vars
384:15  Warning: 'ctx' is defined but never used. Allowed unused args must match /^_/u.  @typescript-eslint/no-unused-vars

./app/api/auth/login/route.ts
9:10  Warning: 'prisma' is defined but never used.  @typescript-eslint/no-unused-vars

./app/api/auth/logout/route.ts
7:28  Warning: 'req' is defined but never used. Allowed unused args must match /^_/u.  @typescript-eslint/no-unused-vars

./app/api/auth/permissions/route.ts
5:27  Warning: 'req' is defined but never used. Allowed unused args must match /^_/u.  @typescript-eslint/no-unused-vars

./app/api/auth/refresh/route.ts
14:28  Warning: 'req' is defined but never used. Allowed unused args must match /^_/u.  @typescript-eslint/no-unused-vars

./app/api/auth/session/route.ts
4:27  Warning: 'req' is defined but never used. Allowed unused args must match /^_/u.  @typescript-eslint/no-unused-vars

./app/api/auth/validate/route.ts
8:27  Warning: 'req' is defined but never used. Allowed unused args must match /^_/u.  @typescript-eslint/no-unused-vars

./app/api/departments/route.ts
25:7  Warning: 'userWithRoles' is assigned a value but never used.  @typescript-eslint/no-unused-vars

./app/api/departments/[code]/menu/route.ts
22:14  Warning: 'e' is defined but never used.  @typescript-eslint/no-unused-vars

./app/api/departments/[code]/products/route.ts
176:20  Warning: 'e' is defined but never used.  @typescript-eslint/no-unused-vars
190:18  Warning: 'ee' is defined but never used.  @typescript-eslint/no-unused-vars

./app/api/departments/[code]/route.ts
20:14  Warning: 'e' is defined but never used.  @typescript-eslint/no-unused-vars
28:22  Warning: 'userWithRoles' is assigned a value but never used.  @typescript-eslint/no-unused-vars

./components/admin/documentation/documentation-widget.tsx
4:10  Warning: 'Button' is defined but never used.  @typescript-eslint/no-unused-vars
8:2  Warning: 'BookOpen' is defined but never used.  @typescript-eslint/no-unused-vars

./components/admin/pos/pos-checkout.tsx
33:9  Warning: 'sampleProducts' is assigned a value but never used.  @typescript-eslint/no-unused-vars
116:9  Warning: 'slugify' is assigned a value but never used.  @typescript-eslint/no-unused-vars
190:6  Warning: React Hook useEffect has a missing dependency: 'departmentSection?.departmentCode'. Either include it or remove the dependency array.  react-hooks/exhaustive-deps

./components/admin/role-assignment-modal.tsx
23:3  Warning: 'userId' is defined but never used. Allowed unused args must match /^_/u.  @typescript-eslint/no-unused-vars

./components/admin/tables/data-table.tsx
3:20  Warning: 'useEffect' is defined but never used.  @typescript-eslint/no-unused-vars
31:29  Warning: 'CardHeader' is defined but never used.  @typescript-eslint/no-unused-vars
31:41  Warning: 'CardTitle' is defined but never used.  @typescript-eslint/no-unused-vars

./components/auth-context.tsx
39:6  Warning: React Hook useEffect has a missing dependency: 'validateSession'. Either include it or remove the dependency array.  react-hooks/exhaustive-deps
114:16  Warning: 'err' is defined but never used.  @typescript-eslint/no-unused-vars
122:6  Warning: React Hook useCallback has a missing dependency: 'router'. Either include it or remove the dependency array.  react-hooks/exhaustive-deps

./components/departments/DepartmentHeader.tsx
3:8  Warning: 'Link' is defined but never used.  @typescript-eslint/no-unused-vars

./components/departments/useDepartmentData.tsx
237:22  Warning: 'e' is defined but never used.  @typescript-eslint/no-unused-vars

./components/shared/sidebar.tsx
22:2  Warning: 'CheckSquare' is defined but never used.  @typescript-eslint/no-unused-vars

./components/transfer/ProductRow.tsx
12:38  Warning: 'id' is defined but never used. Allowed unused args must match /^_/u.  @typescript-eslint/no-unused-vars

./components/transfer/TransferPanel.tsx
28:61  Warning: React Hook useEffect has a missing dependency: 'fetchProducts'. Either include it or remove the dependency array.  react-hooks/exhaustive-deps

./lib/auth/credentials.ts
55:7  Warning: 'userType' is assigned a value but never used.  @typescript-eslint/no-unused-vars

./src/lib/prisma.ts
37:16  Warning: 'e' is defined but never used.  @typescript-eslint/no-unused-vars

./src/lib/user-context.ts
40:14  Warning: 'err' is defined but never used.  @typescript-eslint/no-unused-vars
54:12  Warning: 'err' is defined but never used.  @typescript-eslint/no-unused-vars

./src/services/department.service.ts
385:16  Warning: 'e' is defined but never used.  @typescript-eslint/no-unused-vars

./src/services/transfer.service.ts
32:45  Warning: 'actor' is defined but never used. Allowed unused args must match /^_/u.  @typescript-eslint/no-unused-vars

info  - Need to disable some ESLint rules? Learn more here: https://nextjs.org/docs/app/api-reference/config/eslint#disabling-rules
node.exe : Failed to compile.
At C:\nvm4w\nodejs\npm.ps1:29 char:3
+   & $NODE_EXE $NPM_CLI_JS $args
+   ~~~~~~~~~~~~~~~~~~~~~~~~~~~~~
    + CategoryInfo          : NotSpecified: (Failed to c 
   ompile.:String) [], RemoteException
    + FullyQualifiedErrorId : NativeCommandError
 

./app/api/admin/roles/[id]/route.ts:27:18
Type error: Type 'Promise<UserContext>' has no 
properties in common with type 'UserContext'.

[0m [90m 25 |[39m     [36mconst[39m ctx [33m=[39m 
extractUserContext(req)[33m;[39m[0m
[0m [90m 26 |[39m[0m
[0m[31m[1m>[22m[39m[90m 27 |[39m     [36mif[39m 
([33m![39misAdmin(ctx)) {[0m
[0m [90m    |[39m                  
[31m[1m^[22m[39m[0m
[0m [90m 28 |[39m       [36mreturn[39m sendError([3
3mErrorCodes[39m[33m.[39m[33mFORBIDDEN[39m[33m,[39
m [32m'Admin access required'[39m)[33m;[39m[0m
[0m [90m 29 |[39m     }[0m
[0m [90m 30 |[39m[0m
Next.js build worker exited with code: 1 and signal: null
